Checking for deprecated package usage... OK
Checking for remote package usage... OK
Checking for 'LazyData: true' usage... OK
Checking version number... OK
Checking version number validity... OK
Checking R version dependency... OK
Checking package size... OK
Checking individual file sizes... OK
Checking biocViews... OK
Checking that biocViews are present... OK
Checking package type based on biocViews... OK
Checking for non-trivial biocViews... OK
Checking that biocViews come from the same category... OK
Checking biocViews validity... OK
Checking for recommended biocViews...
Consider adding these automatically suggested biocViews: GeneSetEnrichment, GeneTarget, Normalization
Checking build system compatibility... OK
Checking for proper Description: field... OK
Checking if DESCRIPTION is well formatted... OK
Checking for whitespace in DESCRIPTION field names... OK
Checking that Package field matches directory/tarball name... OK
Checking for Version: field... OK
Checking for valid maintainer...
Consider adding the maintainer's ORCID iD in 'Authors@R' with 'comment=c(ORCID="...")'
Checking License: for restrictive use... OK
Checking for recommended DESCRIPTION fields... OK
Checking for Bioconductor software dependencies... OK
Checking for pinned package versions in DESCRIPTION... OK
Checking .Rbuildignore... OK
Checking for stray BiocCheck output folders... OK
Checking for inst/doc folders... OK
Checking vignette directory... OK
Checking package installation calls in R code... OK
Checking for library/require of GeneExprClust... OK
Checking coding practice...
 Avoid sapply(); use vapply()
Found in files:
R/cluster_validation.R (line 197, column 15)
R/cluster_validation.R (line 205, column 5)
R/clustering.R (line 259, column 10)
R/gsea.R (line 47, column 26)
R/gsea.R (line 386, column 26)
R/gsea.R (line 511, column 26)
 Avoid 1:...; use seq_len() or seq_along()
Found in files:
cluster_validation.R (line 197, column 22)
cluster_validation.R (line 205, column 12)
cluster_validation.R (line 217, column 28)
clustering.R (line 259, column 17)
clustering.R (line 263, column 24)
gsea.R (line 459, column 13)
visualization.R (line 261, column 36)
 Avoid 'cat' and 'print' outside of 'show' methods
Found in files:
print() in R/pipeline.R (line 428, column 11)
 Avoid the use of 'paste' in condition signals
Found in files:
R/normalization.R (line 117, column 14)
Avoid redundant 'stop' and 'warn*' in signal conditions
Found in files:
R/pipeline.R (line 348, column 30)
R/pipeline.R (line 358, column 32)
R/pipeline.R (line 372, column 30)
R/pipeline.R (line 395, column 28)
R/pipeline.R (line 407, column 30)
R/pipeline.R (line 432, column 30)
R/pipeline.R (line 447, column 32)
R/pipeline.R (line 465, column 32)
R/pipeline.R (line 478, column 32)
R/pipeline.R (line 506, column 30)
R/pipeline.R (line 578, column 34)
Checking parsed R code in R directory, examples, vignettes... OK
Checking function lengths...
The recommended function length is 50 lines or less. There are 4 functions greater than 50 lines.
The longest 5 functions are:
run_pipeline() (R/pipeline.R): 582 lines
perform_ora() (R/gsea.R): 104 lines
perform_ora_parallel() (R/gsea.R):  88 lines
dbscan_cluster() (R/clustering.R):  51 lines
Checking man page documentation...
Consider adding runnable examples to man pages that document exported objects.
get_cluster_results.Rd
load_gmt_gene_sets.Rd
ora_from_expression_set.Rd
perform_ora_parallel.Rd
summarize_ora_results.Rd
Usage of dontrun{} / donttest{} tags found in man page examples. 16% of man pages use at least one of these tags.
Found in files:
get_cluster_results.Rd
load_gmt_gene_sets.Rd
ora_from_expression_set.Rd
perform_ora_parallel.Rd
summarize_ora_results.Rd
Use donttest{} instead of dontrun{}.
Found in files:
get_cluster_results.Rd
load_gmt_gene_sets.Rd
ora_from_expression_set.Rd
perform_ora_parallel.Rd
summarize_ora_results.Rd
Checking package NEWS...
Consider adding a NEWS file, so your package news will be included in Bioconductor release announcements.
Checking unit tests... OK
Checking skip_on_bioc() in tests... OK
Checking formatting of DESCRIPTION, NAMESPACE, man pages, R source, and vignette source...
Consider shorter lines; 205 lines (6%) are > 80 characters long.
First few lines:
R/cluster_validation.R#L22   if (!is.matrix(data) && !is.data.frame ...
R/cluster_validation.R#L23   if (length(clusters) != nrow(data)) st ...
R/cluster_validation.R#L72   if (!is.matrix(data) && !is.data.frame ...
R/cluster_validation.R#L73   if (length(clusters) != nrow(data)) st ...
R/cluster_validation.R#L74   if (length(unique(clusters)) < 2) stop ...
R/cluster_validation.R#L120   if (!is.matrix(data) && !is.data.frame ...
R/cluster_validation.R#L187 gap_statistic_parallel <- function(data, ...
R/cluster_validation.R#L202   ref_data <- replicate(B, apply(data, 2 ...
R/cluster_validation.R#L217   result <- data.frame(k = 1:max_k, gap  ...
R/clustering.R#L9 #' @details If `target = "sample"`, samp ...
R/clustering.R#L31 hierarchical_cluster <- function(eset, h ...
R/clustering.R#L47 #' @details If `target = "sample"`, samp ...
R/clustering.R#L104 #' @param scale Logical, whether to z-sc ...
R/clustering.R#L139   if (!is.numeric(eps) || eps <= 0) stop ...
R/clustering.R#L140   if (!is.numeric(minPts) || minPts < 1) ...
R/clustering.R#L141   if (!target %in% c("gene", "sample"))  ...
R/clustering.R#L155     if (any(is.na(mat))) warning("Scalin ...
R/clustering.R#L171   if (all(labels == 0)) warning("DBSCAN  ...
R/clustering.R#L190 #' @details If `target = "sample"`, samp ...
R/clustering.R#L192 #' The `cluster` vector in the returned  ...
R/clustering.R#L200 #' km_result <- cluster_expression(eset, ...
R/clustering.R#L204 #' db_result <- cluster_expression(eset, ...
R/clustering.R#L207 cluster_expression <- function(eset, met ...
R/clustering.R#L239 #' @details Computes total within-cluste ...
R/clustering.R#L240 #' Plots WSS to help visually select the ...
R/clustering.R#L241 #' If `target = "gene"`, genes are clust ...
R/clustering.R#L269     labs(title = "Elbow Method for Optim ...
R/data_io.R#L22 read_expression <- function(path, type = ...
R/data_io.R#L29     expr <- as.matrix(read.table(path, s ...
R/data_io.R#L34         pdata_df <- read.table(pheno_dat ...
R/data_io.R#L42       pdata_df <- data.frame(row.names = ...
R/data_io.R#L47     if (!inherits(eset, "ExpressionSet") ...
R/exploratory.R#L7 #' @param remove Logical. If TRUE (defau ...
R/exploratory.R#L20 detect_outliers <- function(eset, method ...
R/exploratory.R#L48     hist(var_metric, breaks = 50, main = ...
R/gsea.R#L4 #' This is the main enrichment analysis  ...
R/gsea.R#L6 #' @param clusters Named vector of clust ...
R/gsea.R#L7 #' @param gene_sets Named list of gene s ...
R/gsea.R#L8 #' @param universe Vector of background  ...
R/gsea.R#L9 #' @param p_adjust_method Method to adju ...
R/gsea.R#L10 #' @param min_set_size Minimum number of ...
R/gsea.R#L11 #' @param max_set_size Maximum number of ...
R/gsea.R#L12 #' @param p_threshold P-value threshold  ...
R/gsea.R#L14 #' @return List of ORA results per clust ...
R/gsea.R#L32     stop("'clusters' must be a named vec ...
R/gsea.R#L42     message("Universe not provided. Usin ...
R/gsea.R#L70     cluster_genes <- intersect(names(clu ...
R/gsea.R#L116       ora_results$p_adjusted <- p.adjust ...
R/gsea.R#L120       message(" Found ", nrow(ora_result ...
R/gsea.R#L134 #' Helper function to extract gene names ...
R/gsea.R#L137 #' @param id_type Type of gene identifie ...
R/gsea.R#L180     stop("Biobase package is required. I ...
R/gsea.R#L196       stop("ID type '", id_type, "' not  ...
R/gsea.R#L347 #' @param collection MSigDB category (e. ...
R/gsea.R#L348 #' @param subcategory Optional subcatego ...
R/gsea.R#L362                                  subcate ...
R/gsea.R#L365     stop("msigdbr package is required. I ...
R/gsea.R#L368   message("Fetching gene sets from MSigD ...
R/gsea.R#L374     gene_sets_df <- msigdbr::msigdbr(spe ...
R/gsea.R#L386   gene_sets <- gene_sets[sapply(gene_set ...
R/gsea.R#L388   message("Loaded ", length(gene_sets),  ...
R/gsea.R#L394 #' Helper function to load gene sets fro ...
R/gsea.R#L455 create_example_gene_sets <- function(gen ...
R/gsea.R#L525     cluster_genes <- intersect(names(clu ...
R/gsea.R#L565       ora_results$p_adjusted <- p.adjust ...
R/normalization.R#L6 #' @param method Normalization method, o ...
R/normalization.R#L15     if (any(expr < 0, na.rm = TRUE)) sto ...
R/normalization.R#L21     if (any(is.na(expr))) warning("NA va ...
R/normalization.R#L24     if (any(is.na(expr))) warning("NA va ...
R/normalization.R#L30     if (any(expr < 0, na.rm = TRUE)) sto ...
R/normalization.R#L32                                          ...
R/normalization.R#L52   if (length(batch) != ncol(expr)) stop( ...
R/normalization.R#L61 #' @param filter_threshold Numeric, mini ...
R/normalization.R#L62 #' @param filter_min_samples Integer, mi ...
R/normalization.R#L63 #' @return List with filtered expression ...
R/normalization.R#L64 filter_low_expression <- function(expr,  ...
R/normalization.R#L72     warning("All genes filtered out! Ret ...
R/normalization.R#L74       expr = expr[integer(0), , drop = F ...
R/normalization.R#L85 #' Normalize expression data in an Expre ...
R/normalization.R#L87 #' Supports log2 transformation, quantil ...
R/normalization.R#L93 #' @param batch Optional batch factor fo ...
R/normalization.R#L95 #' @param filter_threshold Numeric, mini ...
R/normalization.R#L96 #' @param filter_min_samples Integer, mi ...
R/normalization.R#L104 normalize_data <- function(eset, method  ...
R/normalization.R#L117         stop(paste0("Batch variable '",  ...
R/normalization.R#L128     res <- filter_low_expression(expr, e ...
R/pipeline.R#L7 #' @param data_path Character, path to e ...
R/pipeline.R#L11 #' @param output_dir Character, director ...
R/pipeline.R#L15 #' @param norm_method Character, normali ...
R/pipeline.R#L16 #' @param batch_correction Character or  ...
R/pipeline.R#L17 #' @param filter_low_expr Logical, wheth ...
R/pipeline.R#L19 #' @param filter_min_samples Integer, mi ...
R/pipeline.R#L22 #' @param detect_outliers Logical, wheth ...
R/pipeline.R#L24 #' @param outlier_threshold Numeric, thr ...
R/pipeline.R#L25 #' @param remove_outliers Logical, wheth ...
R/pipeline.R#L28 #' @param clustering_methods Character v ...
R/pipeline.R#L30 #' @param k_clusters Integer, number of  ...
R/pipeline.R#L32 #' @param hclust_method Character, linka ...
R/pipeline.R#L34 #' @param kmeans_nstart Integer, number  ...
R/pipeline.R#L35 #' @param dbscan_eps Numeric, DBSCAN eps ...
R/pipeline.R#L39 #' @param perform_validation Logical, wh ...
R/pipeline.R#L40 #' @param gap_statistic Logical, whether ...
R/pipeline.R#L45 #' @param create_plots Logical, whether  ...
R/pipeline.R#L46 #' @param heatmap_scale Character, scali ...
R/pipeline.R#L47 #' @param pca_color_by Character, phenot ...
R/pipeline.R#L51 #' @param perform_enrichment Logical, wh ...
R/pipeline.R#L52 #' @param gene_sets_source Character, so ...
R/pipeline.R#L53 #' @param gene_sets_collection Character ...
R/pipeline.R#L54 #' @param gene_sets_species Character, s ...
R/pipeline.R#L57 #' @param enrichment_p_threshold Numeric ...
R/pipeline.R#L67 #'   \item processed_data - Processed Ex ...
R/pipeline.R#L168     stop("Invalid clustering methods. Mu ...
R/pipeline.R#L194     original_eset <- read_expression(dat ...
R/pipeline.R#L240     if (verbose) message("\n=== STEP 3:  ...
R/pipeline.R#L260         message("  Final dataset - Genes ...
R/pipeline.R#L314         message("  Found ", n_clusters,  ...
R/pipeline.R#L358           if (verbose) message("  Warnin ...
R/pipeline.R#L369         gap_result <- gap_statistic(t(ex ...
R/pipeline.R#L372         if (verbose) message("Warning: C ...
R/pipeline.R#L390       plots$pca <- plot_pca(processed_es ...
R/pipeline.R#L392         ggsave(file.path(output_dir, "pc ...
R/pipeline.R#L402         plots$elbow <- plot_elbow(proces ...
R/pipeline.R#L404           ggsave(file.path(output_dir, " ...
R/pipeline.R#L407         if (verbose) message("Warning: C ...
R/pipeline.R#L418         plot_title <- paste(stringr::str ...
R/pipeline.R#L432         if (verbose) message("Warning: C ...
R/pipeline.R#L441                                          ...
R/pipeline.R#L447           if (verbose) message("Warning: ...
R/pipeline.R#L462                    plots[[paste0(method_ ...
R/pipeline.R#L465           if (verbose) message("Warning: ...
R/pipeline.R#L473           plots$dbscan_pca <- plot_dbsca ...
R/pipeline.R#L475             ggsave(file.path(output_dir, ...
R/pipeline.R#L478           if (verbose) message("Warning: ...
R/pipeline.R#L491   if (perform_enrichment && target == "g ...
R/pipeline.R#L506         if (verbose) message("Warning: C ...
R/pipeline.R#L519       gene_sets <- load_gmt_gene_sets(ge ...
R/pipeline.R#L538         if (verbose) message("Performing ...
R/pipeline.R#L573                        file.path(output_ ...
R/pipeline.R#L578             if (verbose) message("Warnin ...
R/pipeline.R#L607       outliers_removed = if(detect_outli ...
R/pipeline.R#L638       "  - Original dimensions: ", nrow( ...
R/pipeline.R#L639       "  - Final dimensions: ", nrow(pro ...
R/pipeline.R#L644       "  - Outlier detection: ", ifelse( ...
R/pipeline.R#L645       "  - Outliers removed: ", ifelse(d ...
R/pipeline.R#L651       "Enrichment Analysis: ", ifelse(pe ...
R/pipeline.R#L663       message("Enrichment analysis compl ...
R/visualization.R#L1 #' Plot heatmap of expression data with  ...
R/visualization.R#L7 #' @param scale Character, one of "none" ...
R/visualization.R#L21 plot_heatmap <- function(eset, clusters  ...
R/visualization.R#L37       warning("Some gene names in the ex ...
R/visualization.R#L55 #' @param ellipse Logical, whether to dr ...
R/visualization.R#L92 plot_pca <- function(eset, color_by = NU ...
R/visualization.R#L133       p <- p + ggplot2::stat_ellipse(ggp ...
R/visualization.R#L156 plot_dendrogram <- function(hclust_model ...
R/visualization.R#L178 #' @param scale Logical, whether to z-sc ...
R/visualization.R#L179 #' @return ggplot object showing average ...
R/visualization.R#L192   if (!inherits(eset, "ExpressionSet"))  ...
R/visualization.R#L193   if (is.null(names(clusters))) stop("Cl ...
R/visualization.R#L209   df_long <- reshape2::melt(df, id.vars  ...
R/visualization.R#L212   agg <- aggregate(Expression ~ Cluster  ...
R/visualization.R#L215   ggplot2::ggplot(agg, aes(x = Sample, y ...
R/visualization.R#L225 #' Noise points (cluster 0) are colored  ...
R/visualization.R#L267   pcs$cluster <- factor(clusters[pcs$nam ...
R/visualization.R#L269   pcs$cluster_color <- ifelse(pcs$cluste ...
R/visualization.R#L274                                   scales ...
vignettes/pipeline.Rmd#L5   %\VignetteIndexEntry{Automated Gene Ex ...
vignettes/pipeline.Rmd#L22 This vignette demonstrates the power of  ...
vignettes/pipeline.Rmd#L29 We'll analyze a time-course gene express ...
vignettes/pipeline.Rmd#L33 We'll use the `ALL` (Acute Lymphoblastic ...
vignettes/pipeline.Rmd#L38 - **Rich phenotype data** including age, ...
vignettes/pipeline.Rmd#L65 For demonstration purposes, we'll focus  ...
vignettes/pipeline.Rmd#L91 Now we'll demonstrate the power of the a ...
vignettes/pipeline.Rmd#L149       message(method, " - Average Silhou ...
vignettes/pipeline.Rmd#L157 Now let's run a more comprehensive analy ...
vignettes/pipeline.Rmd#L235   avg_sil <- if(!is.null(val$avg_silhoue ...
vignettes/pipeline.Rmd#L261   message("\n", stringr::str_to_title(me ...
vignettes/pipeline.Rmd#L262   message("Length check - mol_biol: ", l ...
vignettes/pipeline.Rmd#L274         mol_biol_aligned <- mol_biol[mat ...
vignettes/pipeline.Rmd#L300       message("All points classified as  ...
vignettes/pipeline.Rmd#L314         ari <- mclust::adjustedRandIndex ...
vignettes/pipeline.Rmd#L339       message("\n", stringr::str_to_titl ...
vignettes/pipeline.Rmd#L349       message("\n", stringr::str_to_titl ...
vignettes/pipeline.Rmd#L357 The pipeline automatically generates com ...
vignettes/usage.Rmd#L23 This vignette demonstrates how to use th ...
vignettes/usage.Rmd#L49 The package supports multiple input form ...
vignettes/usage.Rmd#L74   expr_matrix[i, ] <- expr_matrix[i, ] + ...
vignettes/usage.Rmd#L114 The package supports multiple normalizat ...
vignettes/usage.Rmd#L207 dendrogram_plot <- plot_dendrogram(hc_re ...
vignettes/usage.Rmd#L390     print(head(cluster1_results[, c("pat ...
vignettes/usage.Rmd#L405   kmeans_k <- cluster_expression(eset_cl ...
vignettes/usage.Rmd#L414     message("Comparing ", names(stabilit ...
vignettes/usage.Rmd#L433   top_genes <- names(sort(gene_means, de ...
vignettes/usage.Rmd#L440   message(paste(cluster_representatives[ ...
vignettes/usage.Rmd#L455   write.csv(enrichment_summary, "pathway ...
vignettes/usage.Rmd#L471 This vignette demonstrated a complete wo ...
vignettes/usage.Rmd#L474 2. **Normalization**: Applied zscore tra ...
vignettes/usage.Rmd#L475 3. **Quality Control**: Detected and rem ...
vignettes/usage.Rmd#L476 4. **Clustering**: Applied multiple clus ...
vignettes/usage.Rmd#L477 5. **Validation**: Evaluated clustering  ...
vignettes/usage.Rmd#L478 6. **Visualization**: Created heatmaps,  ...
vignettes/usage.Rmd#L479 7. **Enrichment Analysis**: Performed pa ...
vignettes/usage.Rmd#L485 - Identified `r length(unique(hc_result$ ...
vignettes/usage.Rmd#L486 - Cluster sizes ranged from `r min(table ...
vignettes/usage.Rmd#L487 - Found `r nrow(enrichment_summary)` sig ...
vignettes/usage.Rmd#L505 **Note**: This vignette uses simulated d ...
Consider multiples of 4 spaces for line indents; 1138 lines (35%) are not.
First few lines:
R/cluster_validation.R#L22   if (!is.matrix(data) && !is.data.frame ...
R/cluster_validation.R#L23   if (length(clusters) != nrow(data)) st ...
R/cluster_validation.R#L24   if (any(is.na(clusters))) warning("Mis ...
R/cluster_validation.R#L26   total_wss <- 0 ...
R/cluster_validation.R#L27   for (cl in unique(clusters)) { ...
R/cluster_validation.R#L33   } ...
R/cluster_validation.R#L34   return(total_wss) ...
R/cluster_validation.R#L72   if (!is.matrix(data) && !is.data.frame ...
R/cluster_validation.R#L73   if (length(clusters) != nrow(data)) st ...
R/cluster_validation.R#L74   if (length(unique(clusters)) < 2) stop ...
R/cluster_validation.R#L76   d <- proxy::dist(data, method = distan ...
R/cluster_validation.R#L77   sil <- cluster::silhouette(clusters, d ...
R/cluster_validation.R#L78   return(sil) ...
R/cluster_validation.R#L120   if (!is.matrix(data) && !is.data.frame ...
R/cluster_validation.R#L121   if (max_k < 2) stop("max_k must be at  ...
R/cluster_validation.R#L122   if (B < 1) stop("Number of bootstrap i ...
R/cluster_validation.R#L124   gap <- cluster::clusGap(data, FUN = km ...
R/cluster_validation.R#L125   return(as.data.frame(gap$Tab)) ...
R/cluster_validation.R#L188   if (!requireNamespace("BiocParallel",  ...
R/cluster_validation.R#L190   } ...
R/cluster_validation.R#L192   if (!is.matrix(data)) data <- as.matri ...
R/cluster_validation.R#L193   if (max_k < 2) stop("max_k must be at  ...
R/cluster_validation.R#L194   if (B < 1) stop("Number of bootstrap i ...
R/cluster_validation.R#L195    ...
R/cluster_validation.R#L196   n <- nrow(data) ...
R/cluster_validation.R#L197   dist_obs <- sapply(1:max_k, function(k ...
R/cluster_validation.R#L200   }) ...
R/cluster_validation.R#L201    ...
R/cluster_validation.R#L202   ref_data <- replicate(B, apply(data, 2 ...
R/cluster_validation.R#L203    ...
R/cluster_validation.R#L204   dist_ref <- BiocParallel::bplapply(ref ...
R/cluster_validation.R#L206       cl <- kmeans(rd, centers = k, nsta ...
R/cluster_validation.R#L207       sum(cl$withinss) ...
R/cluster_validation.R#L209   }, BPPARAM = BPPARAM) ...
R/cluster_validation.R#L211   dist_ref <- do.call(rbind, dist_ref) ...
R/cluster_validation.R#L212   logW <- log(dist_obs) ...
R/cluster_validation.R#L213   logW_ref <- apply(log(dist_ref), 2, me ...
R/cluster_validation.R#L214   gap <- logW_ref - logW ...
R/cluster_validation.R#L215   sk <- sqrt(1 + 1 / B) * apply(log(dist ...
R/cluster_validation.R#L217   result <- data.frame(k = 1:max_k, gap  ...
R/cluster_validation.R#L218   return(result) ...
R/clustering.R#L32   expr <- exprs(eset) ...
R/clustering.R#L33   data <- if (target == "gene") expr els ...
R/clustering.R#L34   dist_matrix <- dist(data, method = dis ...
R/clustering.R#L35   hclust(dist_matrix, method = hclust_me ...
R/clustering.R#L56   expr <- exprs(eset) ...
R/clustering.R#L57   data <- if (target == "gene") expr els ...
R/clustering.R#L58   kmeans(data, centers = k, nstart = nst ...
R/clustering.R#L81                              BPPARAM = B ...
R/clustering.R#L82   if (!requireNamespace("BiocParallel",  ...
R/clustering.R#L84   } ...
R/clustering.R#L85    ...
R/clustering.R#L86   expr <- exprs(eset) ...
R/clustering.R#L87   data <- if (target == "gene") expr els ...
R/clustering.R#L88    ...
R/clustering.R#L89   # Parallel execution across different  ...
R/clustering.R#L90   results <- BiocParallel::bplapply(k_ra ...
R/clustering.R#L92   }, BPPARAM = BPPARAM) ...
R/clustering.R#L93    ...
R/clustering.R#L94   names(results) <- paste0("k_", k_range ...
R/clustering.R#L95   return(results) ...
R/clustering.R#L138   if (!inherits(eset, "ExpressionSet"))  ...
R/clustering.R#L139   if (!is.numeric(eps) || eps <= 0) stop ...
R/clustering.R#L140   if (!is.numeric(minPts) || minPts < 1) ...
R/clustering.R#L141   if (!target %in% c("gene", "sample"))  ...
R/clustering.R#L142   if (!distance %in% c("euclidean", "cor ...
R/clustering.R#L144   } ...
R/clustering.R#L145    ...
R/clustering.R#L146   mat <- Biobase::exprs(eset) ...
R/clustering.R#L147   if (nrow(mat) < 2 || ncol(mat) < 2) { ...
R/clustering.R#L149   } ...
R/clustering.R#L151   if (target == "sample") mat <- t(mat) ...
R/clustering.R#L153   if (scale) { ...
R/clustering.R#L158   } ...
R/clustering.R#L160   if (distance == "euclidean") { ...
R/clustering.R#L162   } else { ...
R/clustering.R#L164   } ...
R/clustering.R#L166   clustering <- dbscan::dbscan(dist_matr ...
R/clustering.R#L168   labels <- clustering$cluster ...
R/clustering.R#L169   names(labels) <- if (target == "gene") ...
R/clustering.R#L170    ...
R/clustering.R#L171   if (all(labels == 0)) warning("DBSCAN  ...
R/clustering.R#L172    ...
R/clustering.R#L173   return(list( ...
R/clustering.R#L179   )) ...
R/clustering.R#L208                                k = 3, ta ...
R/clustering.R#L209   method <- match.arg(method) ...
R/clustering.R#L210   if (method == "hierarchical") { ...
R/clustering.R#L213   } else if (method == "kmeans") { ...
R/clustering.R#L216   } else if (method == "dbscan") { ...
R/clustering.R#L219   } ...
R/clustering.R#L221   expr <- exprs(eset) ...
R/clustering.R#L222   if (target == "gene") { ...
R/clustering.R#L224   } else { ...
R/clustering.R#L226   } ...
R/clustering.R#L228   return(list(model = model, clusters =  ...
R/clustering.R#L256   expr <- exprs(eset) ...
R/clustering.R#L257   data <- if (target == "gene") t(expr)  ...
R/clustering.R#L259   wss <- sapply(1:max_k, function(k) { ...
R/clustering.R#L261   }) ...
R/clustering.R#L263   df <- data.frame(k = 1:max_k, WSS = ws ...
R/clustering.R#L265   ggplot(df, aes(x = k, y = WSS)) + ...
R/data_io.R#L23   type <- match.arg(type) ...
R/data_io.R#L24    ...
R/data_io.R#L25   if (!file.exists(path)) stop("File not ...
R/data_io.R#L26    ...
R/data_io.R#L27   if (type %in% c("csv", "tsv")) { ...
R/data_io.R#L33       if (is.character(pheno_data) && fi ...
R/data_io.R#L35       } else if (is.data.frame(pheno_dat ...
R/data_io.R#L37       } else { ...
R/data_io.R#L39       } ...
R/data_io.R#L40       pdata <- AnnotatedDataFrame(pdata_ ...
R/data_io.R#L42       pdata_df <- data.frame(row.names = ...
R/data_io.R#L43       pdata <- AnnotatedDataFrame(pdata_ ...
R/data_io.R#L49   } ...
R/data_io.R#L51   if (type == "eset") { ...
R/data_io.R#L57   } ...
R/exploratory.R#L21   if (!inherits(eset, "ExpressionSet"))  ...
R/exploratory.R#L23   method <- match.arg(method) ...
R/exploratory.R#L24   expr <- Biobase::exprs(eset) ...
R/exploratory.R#L25    ...
R/exploratory.R#L26   # Compute variability metric ...
R/exploratory.R#L27   var_metric <- switch(method, ...
R/exploratory.R#L30   ) ...
R/exploratory.R#L31    ...
R/exploratory.R#L32   # Determine outlier cutoff based on me ...
R/exploratory.R#L33   if (method == "mad") { ...
R/exploratory.R#L37   } else if (method == "iqr") { ...
R/exploratory.R#L42   } ...
R/exploratory.R#L43    ...
R/exploratory.R#L44   outliers <- which(var_metric > cutoff) ...
R/exploratory.R#L45   outlier_genes <- Biobase::featureNames ...
R/exploratory.R#L47   if (plot) { ...
R/exploratory.R#L49          xlab = paste("Variability (", m ...
R/exploratory.R#L51   } ...
R/exploratory.R#L52    ...
R/exploratory.R#L53   if (remove && length(outliers) > 0) { ...
R/exploratory.R#L57   } else { ...
R/exploratory.R#L61   } ...
R/exploratory.R#L62    ...
R/exploratory.R#L63   return(eset_filtered)  ...
R/globals.R#L2   "Cluster", "Expression", "Group", "PC1 ...
R/globals.R#L3   "Sample", "WSS", "cluster_color", "k" ...
R/gsea.R#L31   if (!is.vector(clusters) || is.null(na ...
R/gsea.R#L33   } ...
R/gsea.R#L34    ...
R/gsea.R#L35   if (!is.list(gene_sets) || is.null(nam ...
R/gsea.R#L37   } ...
R/gsea.R#L38    ...
R/gsea.R#L39   # Set universe if not provided ...
R/gsea.R#L40   if (is.null(universe)) { ...
R/gsea.R#L43   } ...
R/gsea.R#L44    ...
R/gsea.R#L45   # Filter gene sets by size ...
R/gsea.R#L46   original_n_sets <- length(gene_sets) ...
R/gsea.R#L47   gene_sets <- gene_sets[sapply(gene_set ...
R/gsea.R#L50   })] ...
R/gsea.R#L51    ...
R/gsea.R#L52   message("Filtered gene sets: ", origin ...
R/gsea.R#L53       " (min size: ", min_set_size, ", m ...
R/gsea.R#L54    ...
R/gsea.R#L55   if (length(gene_sets) == 0) { ...
R/gsea.R#L57   } ...
R/gsea.R#L58    ...
R/gsea.R#L59   # Get unique clusters ...
R/gsea.R#L60   unique_clusters <- unique(clusters) ...
R/gsea.R#L61   message("Analyzing ", length(unique_cl ...
R/gsea.R#L62    ...
R/gsea.R#L63   results <- list() ...
R/gsea.R#L64    ...
R/gsea.R#L65   # Perform ORA for each cluster ...
R/gsea.R#L66   for (cluster_id in unique_clusters) { ...
R/gsea.R#L73       message(" No valid genes found. Sk ...
R/gsea.R#L74       next ...
R/gsea.R#L81       pathway_genes <- intersect(gene_se ...
R/gsea.R#L82       genes_in_both <- intersect(cluster ...
R/gsea.R#L83        ...
R/gsea.R#L84       # Skip if no overlap ...
R/gsea.R#L85       if (length(genes_in_both) == 0) ne ...
R/gsea.R#L86        ...
R/gsea.R#L87       # Hypergeometric test parameters ...
R/gsea.R#L88       k <- length(genes_in_both)         ...
R/gsea.R#L89       N <- length(universe)              ...
R/gsea.R#L90       K <- length(pathway_genes)         ...
R/gsea.R#L91       n <- length(cluster_genes)         ...
R/gsea.R#L92        ...
R/gsea.R#L93       # Hypergeometric test (one-tailed, ...
R/gsea.R#L94       pval <- phyper(k - 1, K, N - K, n, ...
R/gsea.R#L95        ...
R/gsea.R#L96       # Calculate enrichment metrics ...
R/gsea.R#L97       expected_overlap <- (n * K) / N ...
R/gsea.R#L98       enrichment_ratio <- k / expected_o ...
R/gsea.R#L99        ...
R/gsea.R#L100       # Store results ...
R/gsea.R#L101       ora_results <- rbind(ora_results,  ...
R/gsea.R#L111       )) ...
R/gsea.R#L116       ora_results$p_adjusted <- p.adjust ...
R/gsea.R#L117       ora_results <- ora_results[order(o ...
R/gsea.R#L118        ...
R/gsea.R#L119       n_significant <- sum(ora_results$p ...
R/gsea.R#L120       message(" Found ", nrow(ora_result ...
R/gsea.R#L122       message(" No pathways with overlap ...
R/gsea.R#L126   } ...
R/gsea.R#L127    ...
R/gsea.R#L128   message("ORA analysis completed.\n") ...
R/gsea.R#L129   return(results) ...
R/gsea.R#L178    ...
R/gsea.R#L179   if (!requireNamespace("Biobase", quiet ...
R/gsea.R#L181   } ...
R/gsea.R#L182    ...
R/gsea.R#L183   if (!inherits(eset, "ExpressionSet"))  ...
R/gsea.R#L185   } ...
R/gsea.R#L186    ...
R/gsea.R#L187   if (id_type == "featureNames") { ...
R/gsea.R#L189   } else { ...
R/gsea.R#L192       gene_names <- fdata[[id_type]] ...
R/gsea.R#L193       gene_names <- gene_names[!is.na(ge ...
R/gsea.R#L194       return(as.character(gene_names)) ...
R/gsea.R#L196       stop("ID type '", id_type, "' not  ...
R/gsea.R#L197            paste(colnames(fdata), collap ...
R/gsea.R#L199   } ...
R/gsea.R#L221                                    gene_ ...
R/gsea.R#L222    ...
R/gsea.R#L223   universe_genes <- extract_gene_names(e ...
R/gsea.R#L224    ...
R/gsea.R#L225   if (!all(names(clusters) %in% universe ...
R/gsea.R#L228   } ...
R/gsea.R#L229    ...
R/gsea.R#L230   perform_ora(clusters = clusters,  ...
R/gsea.R#L231               gene_sets = gene_sets,  ...
R/gsea.R#L232               universe = universe_genes, ...
R/gsea.R#L233               ...) ...
R/gsea.R#L254                                  min_enr ...
R/gsea.R#L255    ...
R/gsea.R#L256   if (length(ora_results) == 0) { ...
R/gsea.R#L258   } ...
R/gsea.R#L259    ...
R/gsea.R#L260   summary_list <- list() ...
R/gsea.R#L261    ...
R/gsea.R#L262   for (cluster_name in names(ora_results ...
R/gsea.R#L269                      df$enrichment_ratio ...
R/gsea.R#L272       # Take top N results ...
R/gsea.R#L273       top_results <- head(significant, t ...
R/gsea.R#L274       top_results$cluster <- cluster_nam ...
R/gsea.R#L275        ...
R/gsea.R#L276       # Select relevant columns for summ ...
R/gsea.R#L277       summary_df <- top_results[, c("clu ...
R/gsea.R#L278                                    "enri ...
R/gsea.R#L279                                    "gene ...
R/gsea.R#L280        ...
R/gsea.R#L281       summary_list[[cluster_name]] <- su ...
R/gsea.R#L283   } ...
R/gsea.R#L284    ...
R/gsea.R#L285   if (length(summary_list) == 0) { ...
R/gsea.R#L288   } ...
R/gsea.R#L289    ...
R/gsea.R#L290   # Combine all results ...
R/gsea.R#L291   combined_summary <- do.call(rbind, sum ...
R/gsea.R#L292   rownames(combined_summary) <- NULL ...
R/gsea.R#L293    ...
R/gsea.R#L294   combined_summary <- combined_summary[o ...
R/gsea.R#L295    ...
R/gsea.R#L296   return(combined_summary) ...
R/gsea.R#L316                                include_g ...
R/gsea.R#L317    ...
R/gsea.R#L318   cluster_key <- paste0("cluster_", clus ...
R/gsea.R#L319    ...
R/gsea.R#L320   if (!cluster_key %in% names(ora_result ...
R/gsea.R#L322          paste(gsub("cluster_", "", name ...
R/gsea.R#L323   } ...
R/gsea.R#L324    ...
R/gsea.R#L325   df <- ora_results[[cluster_key]] ...
R/gsea.R#L326    ...
R/gsea.R#L327   if (nrow(df) == 0) { ...
R/gsea.R#L330   } ...
R/gsea.R#L331    ...
R/gsea.R#L332   significant <- df[df$p_adjusted < p_th ...
R/gsea.R#L333    ...
R/gsea.R#L334   if (!include_genes) { ...
R/gsea.R#L336   } ...
R/gsea.R#L337    ...
R/gsea.R#L338   return(significant) ...
R/gsea.R#L362                                  subcate ...
R/gsea.R#L363    ...
R/gsea.R#L364   if (!requireNamespace("msigdbr", quiet ...
R/gsea.R#L366   } ...
R/gsea.R#L367    ...
R/gsea.R#L368   message("Fetching gene sets from MSigD ...
R/gsea.R#L369    ...
R/gsea.R#L370   # Fetch from MSigDB ...
R/gsea.R#L371   if (is.null(subcategory)) { ...
R/gsea.R#L373   } else { ...
R/gsea.R#L375   } ...
R/gsea.R#L376    ...
R/gsea.R#L377   if (nrow(gene_sets_df) == 0) { ...
R/gsea.R#L379   } ...
R/gsea.R#L380    ...
R/gsea.R#L381   # Convert to named list format ...
R/gsea.R#L382   gene_sets <- split(gene_sets_df$gene_s ...
R/gsea.R#L383    ...
R/gsea.R#L384   # Filter by size ...
R/gsea.R#L385   original_count <- length(gene_sets) ...
R/gsea.R#L386   gene_sets <- gene_sets[sapply(gene_set ...
R/gsea.R#L387    ...
R/gsea.R#L388   message("Loaded ", length(gene_sets),  ...
R/gsea.R#L389   return(gene_sets) ...
R/gsea.R#L409    ...
R/gsea.R#L410   if (!file.exists(gmt_file)) { ...
R/gsea.R#L412   } ...
R/gsea.R#L413    ...
R/gsea.R#L414   # Read GMT file ...
R/gsea.R#L415   lines <- readLines(gmt_file) ...
R/gsea.R#L416   gene_sets <- list() ...
R/gsea.R#L417    ...
R/gsea.R#L418   for (line in lines) { ...
R/gsea.R#L432       gene_sets[[pathway_name]] <- genes ...
R/gsea.R#L434   } ...
R/gsea.R#L435    ...
R/gsea.R#L436   message("Loaded ", length(gene_sets),  ...
R/gsea.R#L437   return(gene_sets) ...
R/gsea.R#L456    ...
R/gsea.R#L457   gene_sets <- list() ...
R/gsea.R#L458    ...
R/gsea.R#L459   for (i in 1:n_pathways) { ...
R/gsea.R#L467   } ...
R/gsea.R#L468    ...
R/gsea.R#L469   return(gene_sets) ...
R/gsea.R#L493    ...
R/gsea.R#L494   if (!requireNamespace("BiocParallel",  ...
R/gsea.R#L496   } ...
R/gsea.R#L497    ...
R/gsea.R#L498   if (!is.vector(clusters) || is.null(na ...
R/gsea.R#L500   } ...
R/gsea.R#L501    ...
R/gsea.R#L502   if (!is.list(gene_sets) || is.null(nam ...
R/gsea.R#L504   } ...
R/gsea.R#L505    ...
R/gsea.R#L506   if (is.null(universe)) { ...
R/gsea.R#L509   } ...
R/gsea.R#L510    ...
R/gsea.R#L511   gene_sets <- gene_sets[sapply(gene_set ...
R/gsea.R#L514   })] ...
R/gsea.R#L515    ...
R/gsea.R#L516   if (length(gene_sets) == 0) { ...
R/gsea.R#L518   } ...
R/gsea.R#L519    ...
R/gsea.R#L520   unique_clusters <- unique(clusters) ...
R/gsea.R#L521   message("Analyzing ", length(unique_cl ...
R/gsea.R#L522    ...
R/gsea.R#L523   # Parallel execution across clusters ...
R/gsea.R#L524   results <- BiocParallel::bplapply(uniq ...
R/gsea.R#L528       return(data.frame()) ...
R/gsea.R#L535       pathway_genes <- intersect(gene_se ...
R/gsea.R#L536       genes_in_both <- intersect(cluster ...
R/gsea.R#L537        ...
R/gsea.R#L538       if (length(genes_in_both) == 0) ne ...
R/gsea.R#L539        ...
R/gsea.R#L540       # Hypergeometric test ...
R/gsea.R#L541       k <- length(genes_in_both) ...
R/gsea.R#L542       N <- length(universe) ...
R/gsea.R#L543       K <- length(pathway_genes) ...
R/gsea.R#L544       n <- length(cluster_genes) ...
R/gsea.R#L545        ...
R/gsea.R#L546       pval <- phyper(k - 1, K, N - K, n, ...
R/gsea.R#L547       expected_overlap <- (n * K) / N ...
R/gsea.R#L548       enrichment_ratio <- k / expected_o ...
R/gsea.R#L549        ...
R/gsea.R#L550       ora_results <- rbind(ora_results,  ...
R/gsea.R#L560       )) ...
R/gsea.R#L565       ora_results$p_adjusted <- p.adjust ...
R/gsea.R#L566       ora_results <- ora_results[order(o ...
R/gsea.R#L570   }, BPPARAM = BPPARAM) ...
R/gsea.R#L571    ...
R/gsea.R#L572   names(results) <- paste0("cluster_", u ...
R/gsea.R#L573    ...
R/gsea.R#L574   message("Parallel ORA analysis complet ...
R/gsea.R#L575   return(results) ...
R/normalization.R#L11   method <- match.arg(method, c("log2",  ...
R/normalization.R#L13  if (method == "log2") { ...
R/normalization.R#L17   } else if (method == "quantile") { ...
R/normalization.R#L19       stop("Package 'preprocessCore' is  ...
R/normalization.R#L23   } else if (method == "zscore") { ...
R/normalization.R#L26   } else if (method == "deseq") { ...
R/normalization.R#L28       stop("Package 'DESeq2' is required ...
R/normalization.R#L32                                          ...
R/normalization.R#L33                                          ...
R/normalization.R#L36   } ...
R/normalization.R#L37    ...
R/normalization.R#L38   if (any(is.nan(expr))) warning("NaN va ...
R/normalization.R#L39   return(expr) ...
R/normalization.R#L49   if (!requireNamespace("sva", quietly = ...
R/normalization.R#L51   } ...
R/normalization.R#L52   if (length(batch) != ncol(expr)) stop( ...
R/normalization.R#L53   expr <- sva::ComBat(expr, batch = batc ...
R/normalization.R#L54   return(expr) ...
R/normalization.R#L65   keep <- rowSums(expr > filter_threshol ...
R/normalization.R#L66    ...
R/normalization.R#L67   if (sum(!keep) > 0) { ...
R/normalization.R#L69   } ...
R/normalization.R#L70    ...
R/normalization.R#L71   if (sum(keep) == 0) { ...
R/normalization.R#L74       expr = expr[integer(0), , drop = F ...
R/normalization.R#L75       eset = eset[integer(0), ]          ...
R/normalization.R#L77   } ...
R/normalization.R#L78    ...
R/normalization.R#L79   list( ...
R/normalization.R#L82   ) ...
R/normalization.R#L105                            batch = NULL, ...
R/normalization.R#L106                            filter_thresh ...
R/normalization.R#L107   if (!inherits(eset, "ExpressionSet"))  ...
R/normalization.R#L108   method <- match.arg(method) ...
R/normalization.R#L109    ...
R/normalization.R#L110   expr <- Biobase::exprs(eset) ...
R/normalization.R#L111    ...
R/normalization.R#L112   expr <- perform_normalization(expr, me ...
R/normalization.R#L113    ...
R/normalization.R#L114   if (!is.null(batch)) { ...
R/normalization.R#L116       if (!(batch %in% colnames(Biobase: ...
R/normalization.R#L118       } ...
R/normalization.R#L119       batch_vec <- Biobase::pData(eset)[ ...
R/normalization.R#L121       batch_vec <- batch ...
R/normalization.R#L125   } ...
R/normalization.R#L126    ...
R/normalization.R#L127   if (filter) { ...
R/normalization.R#L131   } ...
R/normalization.R#L132    ...
R/normalization.R#L133   Biobase::exprs(eset) <- expr ...
R/normalization.R#L134   return(eset) ...
R/pipeline.R#L88   # Data input parameters ...
R/pipeline.R#L89   data_path = NULL, ...
R/pipeline.R#L90   expression_set = NULL, ...
R/pipeline.R#L91   data_type = c("csv", "tsv", "eset"), ...
R/pipeline.R#L92   pheno_data = NULL, ...
R/pipeline.R#L93   output_dir = "pipeline_results", ...
R/pipeline.R#L94    ...
R/pipeline.R#L95   # Normalization parameters ...
R/pipeline.R#L96   normalize = TRUE, ...
R/pipeline.R#L97   norm_method = c("log2", "quantile", "z ...
R/pipeline.R#L98   batch_correction = NULL, ...
R/pipeline.R#L99   filter_low_expr = TRUE, ...
R/pipeline.R#L100   filter_threshold = 1, ...
R/pipeline.R#L101   filter_min_samples = 3, ...
R/pipeline.R#L102    ...
R/pipeline.R#L103   # Exploratory analysis parameters ...
R/pipeline.R#L104   detect_outliers = TRUE, ...
R/pipeline.R#L105   outlier_method = c("mad", "iqr"), ...
R/pipeline.R#L106   outlier_threshold = 3, ...
R/pipeline.R#L107   remove_outliers = TRUE, ...
R/pipeline.R#L108    ...
R/pipeline.R#L109   # Clustering parameters ...
R/pipeline.R#L110   clustering_methods = c("hierarchical", ...
R/pipeline.R#L111   target = c("gene", "sample"), ...
R/pipeline.R#L112   k_clusters = 5, ...
R/pipeline.R#L113   max_k = 15, ...
R/pipeline.R#L114   hclust_method = "ward.D2", ...
R/pipeline.R#L115   distance = "euclidean", ...
R/pipeline.R#L116   kmeans_nstart = 25, ...
R/pipeline.R#L117   dbscan_eps = NULL, ...
R/pipeline.R#L118   dbscan_minPts = 5, ...
R/pipeline.R#L119    ...
R/pipeline.R#L120   # Validation parameters ...
R/pipeline.R#L121   perform_validation = TRUE, ...
R/pipeline.R#L122   gap_statistic = TRUE, ...
R/pipeline.R#L123   gap_max_k = 10, ...
R/pipeline.R#L124   gap_B = 20, ...
R/pipeline.R#L125    ...
R/pipeline.R#L126   # Visualization parameters ...
R/pipeline.R#L127   create_plots = TRUE, ...
R/pipeline.R#L128   heatmap_scale = c("row", "none", "colu ...
R/pipeline.R#L129   pca_color_by = NULL, ...
R/pipeline.R#L130   save_plots = TRUE, ...
R/pipeline.R#L131    ...
R/pipeline.R#L132   # Enrichment analysis parameters ...
R/pipeline.R#L133   perform_enrichment = TRUE, ...
R/pipeline.R#L134   gene_sets_source = c("online", "gmt",  ...
R/pipeline.R#L135   gene_sets_collection = "H", ...
R/pipeline.R#L136   gene_sets_species = "Homo sapiens", ...
R/pipeline.R#L137   gene_sets_file = NULL, ...
R/pipeline.R#L138   custom_gene_sets = NULL, ...
R/pipeline.R#L139   enrichment_p_threshold = 0.05, ...
R/pipeline.R#L140   min_gene_set_size = 5, ...
R/pipeline.R#L141   max_gene_set_size = 500, ...
R/pipeline.R#L142    ...
R/pipeline.R#L143   # General parameters ...
R/pipeline.R#L144   verbose = TRUE ...
R/pipeline.R#L146    ...
R/pipeline.R#L147   data_type <- match.arg(data_type) ...
R/pipeline.R#L148   norm_method <- match.arg(norm_method) ...
R/pipeline.R#L149   outlier_method <- match.arg(outlier_me ...
R/pipeline.R#L150   target <- match.arg(target) ...
R/pipeline.R#L151   heatmap_scale <- match.arg(heatmap_sca ...
R/pipeline.R#L152   gene_sets_source <- match.arg(gene_set ...
R/pipeline.R#L153    ...
R/pipeline.R#L154   if (is.null(data_path) && is.null(expr ...
R/pipeline.R#L156   } ...
R/pipeline.R#L158   if (!is.null(data_path) && !is.null(ex ...
R/pipeline.R#L160   } ...
R/pipeline.R#L161    ...
R/pipeline.R#L162   if (!is.null(expression_set) && !inher ...
R/pipeline.R#L164   } ...
R/pipeline.R#L166   valid_methods <- c("hierarchical", "km ...
R/pipeline.R#L167   if (!all(clustering_methods %in% valid ...
R/pipeline.R#L169   } ...
R/pipeline.R#L170    ...
R/pipeline.R#L171   if ("dbscan" %in% clustering_methods & ...
R/pipeline.R#L173   } ...
R/pipeline.R#L174    ...
R/pipeline.R#L175   if (save_plots && !dir.exists(output_d ...
R/pipeline.R#L178   } ...
R/pipeline.R#L179    ...
R/pipeline.R#L180   results <- list() ...
R/pipeline.R#L181    ...
R/pipeline.R#L182   # ==================================== ...
R/pipeline.R#L183   # STEP 1: DATA LOADING AND INITIAL PRO ...
R/pipeline.R#L184   # ==================================== ...
R/pipeline.R#L185    ...
R/pipeline.R#L186   if (verbose) message("\n=== STEP 1: Lo ...
R/pipeline.R#L187    ...
R/pipeline.R#L188   if (!is.null(expression_set)) { ...
R/pipeline.R#L192   } else { ...
R/pipeline.R#L196   } ...
R/pipeline.R#L197    ...
R/pipeline.R#L198   if (verbose) { ...
R/pipeline.R#L202   } ...
R/pipeline.R#L203    ...
R/pipeline.R#L204   results$original_data <- original_eset ...
R/pipeline.R#L205   processed_eset <- original_eset ...
R/pipeline.R#L206    ...
R/pipeline.R#L207   # ==================================== ...
R/pipeline.R#L208   # STEP 2: NORMALIZATION AND FILTERING ...
R/pipeline.R#L209   # ==================================== ...
R/pipeline.R#L210    ...
R/pipeline.R#L211   if (normalize) { ...
R/pipeline.R#L217       processed_eset, ...
R/pipeline.R#L218       method = norm_method, ...
R/pipeline.R#L219       batch = batch_correction, ...
R/pipeline.R#L220       filter = filter_low_expr, ...
R/pipeline.R#L221       filter_threshold = filter_threshol ...
R/pipeline.R#L222       filter_min_samples = filter_min_sa ...
R/pipeline.R#L226       message("After normalization and f ...
R/pipeline.R#L227       message("  Genes: ", nrow(processe ...
R/pipeline.R#L228       message("  Samples: ", ncol(proces ...
R/pipeline.R#L230   } ...
R/pipeline.R#L231    ...
R/pipeline.R#L232   results$processed_data <- processed_es ...
R/pipeline.R#L233    ...
R/pipeline.R#L234   # ==================================== ...
R/pipeline.R#L235   # STEP 3: EXPLORATORY ANALYSIS AND OUT ...
R/pipeline.R#L236   # ==================================== ...
R/pipeline.R#L237    ...
R/pipeline.R#L238   outlier_info <- list() ...
R/pipeline.R#L239   if (detect_outliers) { ...
R/pipeline.R#L243       processed_eset, ...
R/pipeline.R#L244       method = outlier_method, ...
R/pipeline.R#L245       threshold = outlier_threshold, ...
R/pipeline.R#L246       plot = create_plots && save_plots, ...
R/pipeline.R#L247       remove = remove_outliers ...
R/pipeline.R#L257       message("Outlier detection using " ...
R/pipeline.R#L258       message("  Outliers detected: ", l ...
R/pipeline.R#L259       if (remove_outliers) { ...
R/pipeline.R#L261       } ...
R/pipeline.R#L263   } ...
R/pipeline.R#L264    ...
R/pipeline.R#L265   results$outlier_info <- outlier_info ...
R/pipeline.R#L266   results$processed_data <- processed_es ...
R/pipeline.R#L267    ...
R/pipeline.R#L268   # ==================================== ...
R/pipeline.R#L269   # STEP 4: CLUSTERING ANALYSIS ...
R/pipeline.R#L270   # ==================================== ...
R/pipeline.R#L271    ...
R/pipeline.R#L272   if (verbose) message("\n=== STEP 4: Cl ...
R/pipeline.R#L273    ...
R/pipeline.R#L274   clustering_results <- list() ...
R/pipeline.R#L275    ...
R/pipeline.R#L276   for (method in clustering_methods) { ...
R/pipeline.R#L280       result <- cluster_expression( ...
R/pipeline.R#L287       ) ...
R/pipeline.R#L289       result <- cluster_expression( ...
R/pipeline.R#L295       ) ...
R/pipeline.R#L297       result <- cluster_expression( ...
R/pipeline.R#L304       ) ...
R/pipeline.R#L310       n_clusters <- length(unique(result ...
R/pipeline.R#L311       if (method == "dbscan") { ...
R/pipeline.R#L315       } else { ...
R/pipeline.R#L317       } ...
R/pipeline.R#L319   } ...
R/pipeline.R#L320    ...
R/pipeline.R#L321   results$clustering_results <- clusteri ...
R/pipeline.R#L322    ...
R/pipeline.R#L323   # ==================================== ...
R/pipeline.R#L324   # STEP 5: CLUSTERING VALIDATION ...
R/pipeline.R#L325   # ==================================== ...
R/pipeline.R#L326    ...
R/pipeline.R#L327   validation_results <- list() ...
R/pipeline.R#L328   if (perform_validation && length(clust ...
R/pipeline.R#L332       t(exprs(processed_eset)) ...
R/pipeline.R#L334       exprs(processed_eset) ...
R/pipeline.R#L339       if (verbose) message("Validating " ...
R/pipeline.R#L340        ...
R/pipeline.R#L341       clusters <- clustering_results[[me ...
R/pipeline.R#L342       method_validation <- list() ...
R/pipeline.R#L343        ...
R/pipeline.R#L344       # WSS score ...
R/pipeline.R#L345       tryCatch({ ...
R/pipeline.R#L347       }, error = function(e) { ...
R/pipeline.R#L349       }) ...
R/pipeline.R#L350        ...
R/pipeline.R#L351       # Silhouette analysis ...
R/pipeline.R#L352       if (length(unique(clusters)) >= 2) ...
R/pipeline.R#L354           sil_result <- silhouette_score ...
R/pipeline.R#L355           method_validation$silhouette < ...
R/pipeline.R#L356           method_validation$avg_silhouet ...
R/pipeline.R#L358           if (verbose) message("  Warnin ...
R/pipeline.R#L360       } ...
R/pipeline.R#L361        ...
R/pipeline.R#L362       validation_results[[method_name]]  ...
R/pipeline.R#L367       if (verbose) message("Computing ga ...
R/pipeline.R#L368       tryCatch({ ...
R/pipeline.R#L371       }, error = function(e) { ...
R/pipeline.R#L373       }) ...
R/pipeline.R#L375   } ...
R/pipeline.R#L376    ...
R/pipeline.R#L377   results$validation_results <- validati ...
R/pipeline.R#L378    ...
R/pipeline.R#L379   # ==================================== ...
R/pipeline.R#L380   # STEP 6: VISUALIZATION ...
R/pipeline.R#L381   # ==================================== ...
R/pipeline.R#L382    ...
R/pipeline.R#L383   plots <- list() ...
R/pipeline.R#L384   if (create_plots) { ...
R/pipeline.R#L390       plots$pca <- plot_pca(processed_es ...
R/pipeline.R#L391       if (save_plots) { ...
R/pipeline.R#L393       } ...
R/pipeline.R#L395       if (verbose) message("Warning: Cou ...
R/pipeline.R#L400       if (verbose) message("Creating elb ...
R/pipeline.R#L401       tryCatch({ ...
R/pipeline.R#L404           ggsave(file.path(output_dir, " ...
R/pipeline.R#L406       }, error = function(e) { ...
R/pipeline.R#L408       }) ...
R/pipeline.R#L413       method_result <- clustering_result ...
R/pipeline.R#L414        ...
R/pipeline.R#L415       # Heatmap with cluster annotation ...
R/pipeline.R#L416       if (verbose) message("Creating ",  ...
R/pipeline.R#L417       tryCatch({ ...
R/pipeline.R#L420           processed_eset, ...
R/pipeline.R#L421           clusters = method_result$clust ...
R/pipeline.R#L422           main = plot_title, ...
R/pipeline.R#L423           scale = heatmap_scale ...
R/pipeline.R#L426           png(file.path(output_dir, past ...
R/pipeline.R#L427               width = 1200, height = 800 ...
R/pipeline.R#L428           print(plots[[paste0(method_nam ...
R/pipeline.R#L429           dev.off() ...
R/pipeline.R#L431       }, error = function(e) { ...
R/pipeline.R#L433       }) ...
R/pipeline.R#L434        ...
R/pipeline.R#L435       # Dendrogram for hierarchical clus ...
R/pipeline.R#L436       if (method_name == "hierarchical") ...
R/pipeline.R#L439           if (save_plots) { ...
R/pipeline.R#L444                    plots[[method_name]], ...
R/pipeline.R#L445           } ...
R/pipeline.R#L447           if (verbose) message("Warning: ...
R/pipeline.R#L449       } ...
R/pipeline.R#L450        ...
R/pipeline.R#L451       # Cluster profiles ...
R/pipeline.R#L452       if (target == "gene") { ...
R/pipeline.R#L455           plots[[paste0(method_name, "_p ...
R/pipeline.R#L459           ) ...
R/pipeline.R#L460           if (save_plots) { ...
R/pipeline.R#L462                    plots[[paste0(method_ ...
R/pipeline.R#L463           } ...
R/pipeline.R#L465           if (verbose) message("Warning: ...
R/pipeline.R#L467       } ...
R/pipeline.R#L468        ...
R/pipeline.R#L469       # DBSCAN-specific visualization ...
R/pipeline.R#L470       if (method_name == "dbscan") { ...
R/pipeline.R#L473           plots$dbscan_pca <- plot_dbsca ...
R/pipeline.R#L474           if (save_plots) { ...
R/pipeline.R#L476           } ...
R/pipeline.R#L478           if (verbose) message("Warning: ...
R/pipeline.R#L480       } ...
R/pipeline.R#L482   } ...
R/pipeline.R#L483    ...
R/pipeline.R#L484   results$plots <- plots ...
R/pipeline.R#L485    ...
R/pipeline.R#L486   # ==================================== ...
R/pipeline.R#L487   # STEP 7: PATHWAY ENRICHMENT ANALYSIS ...
R/pipeline.R#L488   # ==================================== ...
R/pipeline.R#L489    ...
R/pipeline.R#L490   enrichment_results <- list() ...
R/pipeline.R#L491   if (perform_enrichment && target == "g ...
R/pipeline.R#L497       if (verbose) message("Loading gene ...
R/pipeline.R#L498       tryCatch({ ...
R/pipeline.R#L500           species = gene_sets_species, ...
R/pipeline.R#L501           collection = gene_sets_collect ...
R/pipeline.R#L502           min_size = min_gene_set_size, ...
R/pipeline.R#L503           max_size = max_gene_set_size ...
R/pipeline.R#L505       }, error = function(e) { ...
R/pipeline.R#L509           gene_universe = featureNames(p ...
R/pipeline.R#L510           n_pathways = 50, ...
R/pipeline.R#L511           pathway_size = 30 ...
R/pipeline.R#L513       }) ...
R/pipeline.R#L515       if (is.null(gene_sets_file)) { ...
R/pipeline.R#L517       } ...
R/pipeline.R#L518       if (verbose) message("Loading gene ...
R/pipeline.R#L519       gene_sets <- load_gmt_gene_sets(ge ...
R/pipeline.R#L521       if (verbose) message("Creating exa ...
R/pipeline.R#L522       gene_sets <- create_example_gene_s ...
R/pipeline.R#L526       ) ...
R/pipeline.R#L528       if (is.null(custom_gene_sets)) { ...
R/pipeline.R#L530       } ...
R/pipeline.R#L531       gene_sets <- custom_gene_sets ...
R/pipeline.R#L532       if (verbose) message("Using provid ...
R/pipeline.R#L537       for (method_name in names(clusteri ...
R/pipeline.R#L544           clusters <- clusters[clusters  ...
R/pipeline.R#L548           tryCatch({ ...
R/pipeline.R#L550               clusters = clusters, ...
R/pipeline.R#L551               gene_sets = gene_sets, ...
R/pipeline.R#L552               universe = featureNames(pr ...
R/pipeline.R#L553               p_threshold = enrichment_p ...
R/pipeline.R#L554               min_set_size = min_gene_se ...
R/pipeline.R#L555               max_set_size = max_gene_se ...
R/pipeline.R#L560               ora_result, ...
R/pipeline.R#L561               top_n = 10, ...
R/pipeline.R#L562               p_threshold = enrichment_p ...
R/pipeline.R#L566               detailed_results = ora_res ...
R/pipeline.R#L567               summary = summary_result ...
R/pipeline.R#L572               write.csv(summary_result,  ...
R/pipeline.R#L573                        file.path(output_ ...
R/pipeline.R#L574                        row.names = FALSE ...
R/pipeline.R#L577           }, error = function(e) { ...
R/pipeline.R#L579           }) ...
R/pipeline.R#L581       } ...
R/pipeline.R#L583   } ...
R/pipeline.R#L584    ...
R/pipeline.R#L585   results$enrichment_results <- enrichme ...
R/pipeline.R#L586    ...
R/pipeline.R#L587   # ==================================== ...
R/pipeline.R#L588   # STEP 8: GENERATE SUMMARY ...
R/pipeline.R#L589   # ==================================== ...
R/pipeline.R#L590    ...
R/pipeline.R#L591   if (verbose) message("\n=== STEP 8: Ge ...
R/pipeline.R#L592    ...
R/pipeline.R#L593   summary_info <- list( ...
R/pipeline.R#L595       source = data_source, ...
R/pipeline.R#L596       type = if(!is.null(data_path)) dat ...
R/pipeline.R#L597       original_genes = nrow(original_ese ...
R/pipeline.R#L598       original_samples = ncol(original_e ...
R/pipeline.R#L599       final_genes = nrow(processed_eset) ...
R/pipeline.R#L600       final_samples = ncol(processed_ese ...
R/pipeline.R#L603       normalization = ifelse(normalize,  ...
R/pipeline.R#L604       batch_correction = !is.null(batch_ ...
R/pipeline.R#L605       filtering = filter_low_expr, ...
R/pipeline.R#L606       outlier_detection = detect_outlier ...
R/pipeline.R#L607       outliers_removed = if(detect_outli ...
R/pipeline.R#L610       methods = clustering_methods, ...
R/pipeline.R#L611       target = target, ...
R/pipeline.R#L612       k_clusters = k_clusters ...
R/pipeline.R#L615       performed = perform_validation, ...
R/pipeline.R#L616       gap_statistic = gap_statistic ...
R/pipeline.R#L619       performed = perform_enrichment, ...
R/pipeline.R#L620       gene_sets_source = if(perform_enri ...
R/pipeline.R#L621       methods_analyzed = names(enrichmen ...
R/pipeline.R#L623   ) ...
R/pipeline.R#L624    ...
R/pipeline.R#L625   results$summary <- summary_info ...
R/pipeline.R#L626    ...
R/pipeline.R#L627   # Save complete summary ...
R/pipeline.R#L628   if (save_plots) { ...
R/pipeline.R#L633       "Gene Expression Analysis Pipeline ...
R/pipeline.R#L634       "================================= ...
R/pipeline.R#L635       "Input Data:\n", ...
R/pipeline.R#L636       "  - Source: ", data_source, ...
R/pipeline.R#L638       "  - Original dimensions: ", nrow( ...
R/pipeline.R#L639       "  - Final dimensions: ", nrow(pro ...
R/pipeline.R#L640       "Processing:\n", ...
R/pipeline.R#L641       "  - Normalization: ", ifelse(norm ...
R/pipeline.R#L642       "  - Batch correction: ", ifelse(! ...
R/pipeline.R#L643       "  - Low expression filtering: ",  ...
R/pipeline.R#L644       "  - Outlier detection: ", ifelse( ...
R/pipeline.R#L645       "  - Outliers removed: ", ifelse(d ...
R/pipeline.R#L646       "Clustering:\n", ...
R/pipeline.R#L647       "  - Methods: ", paste(clustering_ ...
R/pipeline.R#L648       "  - Target: ", target, ...
R/pipeline.R#L649       "  - Number of clusters: ", k_clus ...
R/pipeline.R#L650       "Validation: ", ifelse(perform_val ...
R/pipeline.R#L651       "Enrichment Analysis: ", ifelse(pe ...
R/pipeline.R#L652       "Output saved to: ", output_dir ...
R/pipeline.R#L656   } ...
R/pipeline.R#L657    ...
R/pipeline.R#L658   if (verbose) { ...
R/pipeline.R#L663       message("Enrichment analysis compl ...
R/pipeline.R#L665   } ...
R/pipeline.R#L666    ...
R/pipeline.R#L667   return(results) ...
R/visualization.R#L22   if (!inherits(eset, "ExpressionSet"))  ...
R/visualization.R#L24   } ...
R/visualization.R#L26   mat <- Biobase::exprs(eset) ...
R/visualization.R#L27   scale <- match.arg(scale) ...
R/visualization.R#L29   if (scale == "row") mat <- t(scale(t(m ...
R/visualization.R#L30   if (scale == "column") mat <- scale(ma ...
R/visualization.R#L32   row_anno <- NULL ...
R/visualization.R#L33   if (!is.null(clusters)) { ...
R/visualization.R#L35       warning("Clusters must be a named  ...
R/visualization.R#L37       warning("Some gene names in the ex ...
R/visualization.R#L38       clusters <- clusters[intersect(row ...
R/visualization.R#L41   } ...
R/visualization.R#L43   ComplexHeatmap::Heatmap(mat, ...
R/visualization.R#L44                           name = "Expres ...
R/visualization.R#L45                           show_row_names ...
R/visualization.R#L46                           right_annotati ...
R/visualization.R#L47                           column_title = ...
R/visualization.R#L93   if (!inherits(eset, "ExpressionSet"))  ...
R/visualization.R#L95   } ...
R/visualization.R#L97   expr <- Biobase::exprs(eset) ...
R/visualization.R#L99   if (any(dim(expr) == 0)) stop("Empty e ...
R/visualization.R#L100   if (any(!is.finite(expr))) stop("Non-f ...
R/visualization.R#L101   if (sd(expr) == 0) stop("Zero variance ...
R/visualization.R#L103   pca <- tryCatch({ ...
R/visualization.R#L105   }, error = function(e) { ...
R/visualization.R#L107   }) ...
R/visualization.R#L109   percent_var <- round(100 * pca$sdev^2  ...
R/visualization.R#L110   df <- data.frame(PC1 = pca$x[,1], PC2  ...
R/visualization.R#L112   if (!is.null(color_by)) { ...
R/visualization.R#L115       df$Group <- pd[[color_by]] ...
R/visualization.R#L117       stop(sprintf("Column '%s' not foun ...
R/visualization.R#L119   } ...
R/visualization.R#L121   p <- ggplot2::ggplot(df, ggplot2::aes( ...
R/visualization.R#L124       x = paste0("PC1 (", percent_var[1] ...
R/visualization.R#L125       y = paste0("PC2 (", percent_var[2] ...
R/visualization.R#L126       title = main ...
R/visualization.R#L130   if (!is.null(color_by)) { ...
R/visualization.R#L133       p <- p + ggplot2::stat_ellipse(ggp ...
R/visualization.R#L135   } ...
R/visualization.R#L137   return(p) ...
R/visualization.R#L157   if (!requireNamespace("ggdendro", quie ...
R/visualization.R#L159   } ...
R/visualization.R#L160    ...
R/visualization.R#L161   p <- ggdendro::ggdendrogram(hclust_mod ...
R/visualization.R#L165       axis.text.x = ggplot2::element_bla ...
R/visualization.R#L166       axis.text.y = ggplot2::element_bla ...
R/visualization.R#L167       axis.ticks = ggplot2::element_blan ...
R/visualization.R#L168       panel.grid = ggplot2::element_blan ...
R/visualization.R#L170    ...
R/visualization.R#L171   return(p) ...
R/visualization.R#L192   if (!inherits(eset, "ExpressionSet"))  ...
R/visualization.R#L193   if (is.null(names(clusters))) stop("Cl ...
R/visualization.R#L195   expr <- Biobase::exprs(eset) ...
R/visualization.R#L196    ...
R/visualization.R#L197   if (!all(rownames(expr) %in% names(clu ...
R/visualization.R#L199   } ...
R/visualization.R#L200   if (!all(names(clusters) %in% rownames ...
R/visualization.R#L202   } ...
R/visualization.R#L204   if (scale) expr <- t(scale(t(expr))) ...
R/visualization.R#L206   df <- data.frame(expr) ...
R/visualization.R#L207   df$Cluster <- clusters[rownames(df)] ...
R/visualization.R#L209   df_long <- reshape2::melt(df, id.vars  ...
R/visualization.R#L210   if (nrow(df_long) == 0) stop("No data  ...
R/visualization.R#L212   agg <- aggregate(Expression ~ Cluster  ...
R/visualization.R#L213   agg$Expression[is.nan(agg$Expression)] ...
R/visualization.R#L215   ggplot2::ggplot(agg, aes(x = Sample, y ...
R/visualization.R#L244   if (!requireNamespace("ggplot2", quiet ...
R/visualization.R#L246   } ...
R/visualization.R#L247   if (!requireNamespace("Biobase", quiet ...
R/visualization.R#L249   } ...
R/visualization.R#L251   mat <- Biobase::exprs(eset) ...
R/visualization.R#L253   if (target == "gene") { ...
R/visualization.R#L255   } else { ...
R/visualization.R#L257   } ...
R/visualization.R#L259   # Perform PCA for dimensionality reduc ...
R/visualization.R#L260   pca_res <- prcomp(data_mat, center = T ...
R/visualization.R#L261   pcs <- as.data.frame(pca_res$x[, 1:2]) ...
R/visualization.R#L263   # Use rownames of PCA matrix as the na ...
R/visualization.R#L264   pcs$name <- rownames(pcs) ...
R/visualization.R#L266   # Only keep clusters for the samples p ...
R/visualization.R#L267   pcs$cluster <- factor(clusters[pcs$nam ...
R/visualization.R#L269   pcs$cluster_color <- ifelse(pcs$cluste ...
R/visualization.R#L271   p <- ggplot2::ggplot(pcs, aes(x = PC1, ...
R/visualization.R#L274                                   scales ...
R/visualization.R#L277          color = "Cluster") + ...
R/visualization.R#L280   return(p) ...
vignettes/pipeline.Rmd#L12   collapse = TRUE, ...
vignettes/pipeline.Rmd#L13   comment = "#>", ...
vignettes/pipeline.Rmd#L14   fig.align = "center", ...
vignettes/pipeline.Rmd#L15   warning = FALSE, ...
vignettes/pipeline.Rmd#L16   message = FALSE ...
vignettes/pipeline.Rmd#L70                          pData(ALL)$BT % ...
vignettes/pipeline.Rmd#L103   expression_set = ALL_filtered, ...
vignettes/pipeline.Rmd#L104   output_dir = output_dir, ...
vignettes/pipeline.Rmd#L105    ...
vignettes/pipeline.Rmd#L106   # Use standard normalization and filte ...
vignettes/pipeline.Rmd#L107   norm_method = "quantile", ...
vignettes/pipeline.Rmd#L108   filter_low_expr = FALSE, ...
vignettes/pipeline.Rmd#L109   filter_threshold = 100,  # Higher thre ...
vignettes/pipeline.Rmd#L110    ...
vignettes/pipeline.Rmd#L111   # Try multiple clustering methods ...
vignettes/pipeline.Rmd#L112   clustering_methods = c("hierarchical", ...
vignettes/pipeline.Rmd#L113   k_clusters = 6,  # Expecting several m ...
vignettes/pipeline.Rmd#L114   target = "gene", ...
vignettes/pipeline.Rmd#L115    ...
vignettes/pipeline.Rmd#L116   # Enable validation and visualization ...
vignettes/pipeline.Rmd#L117   perform_validation = TRUE, ...
vignettes/pipeline.Rmd#L118   create_plots = TRUE, ...
vignettes/pipeline.Rmd#L119    ...
vignettes/pipeline.Rmd#L120   # Use online gene sets for enrichment ...
vignettes/pipeline.Rmd#L121   perform_enrichment = TRUE, ...
vignettes/pipeline.Rmd#L122   gene_sets_source = "online", ...
vignettes/pipeline.Rmd#L123   gene_sets_collection = "H",  # Hallmar ...
vignettes/pipeline.Rmd#L124    ...
vignettes/pipeline.Rmd#L125   verbose = TRUE ...
vignettes/pipeline.Rmd#L137   clusters <- basic_results$clustering_r ...
vignettes/pipeline.Rmd#L138   message("\n", stringr::str_to_title(me ...
vignettes/pipeline.Rmd#L139   message("Number of clusters: ", length ...
vignettes/pipeline.Rmd#L140   message("Cluster sizes: ", table(clust ...
vignettes/pipeline.Rmd#L145   message("\nClustering Validation Metri ...
vignettes/pipeline.Rmd#L146   for (method in names(basic_results$val ...
vignettes/pipeline.Rmd#L149       message(method, " - Average Silhou ...
vignettes/pipeline.Rmd#L151   } ...
vignettes/pipeline.Rmd#L162   expression_set = ALL_filtered, ...
vignettes/pipeline.Rmd#L163   output_dir = "ALL_analysis_advanced", ...
vignettes/pipeline.Rmd#L164    ...
vignettes/pipeline.Rmd#L165   # Advanced normalization ...
vignettes/pipeline.Rmd#L166   norm_method = "quantile", ...
vignettes/pipeline.Rmd#L167   filter_low_expr = FALSE, ...
vignettes/pipeline.Rmd#L168   filter_threshold = 100, ...
vignettes/pipeline.Rmd#L169    ...
vignettes/pipeline.Rmd#L170   # Outlier detection ...
vignettes/pipeline.Rmd#L171   detect_outliers = TRUE, ...
vignettes/pipeline.Rmd#L172   outlier_method = "mad", ...
vignettes/pipeline.Rmd#L173   outlier_threshold = 3, ...
vignettes/pipeline.Rmd#L174   remove_outliers = TRUE, ...
vignettes/pipeline.Rmd#L175    ...
vignettes/pipeline.Rmd#L176   # Multiple clustering methods ...
vignettes/pipeline.Rmd#L177   clustering_methods = c("hierarchical", ...
vignettes/pipeline.Rmd#L178   k_clusters = 6, ...
vignettes/pipeline.Rmd#L179   max_k = 12,  # For elbow plot ...
vignettes/pipeline.Rmd#L180   dbscan_eps = 0.8,  # DBSCAN parameters ...
vignettes/pipeline.Rmd#L181   dbscan_minPts = 5, ...
vignettes/pipeline.Rmd#L182    ...
vignettes/pipeline.Rmd#L183   # Enhanced validation ...
vignettes/pipeline.Rmd#L184   perform_validation = TRUE, ...
vignettes/pipeline.Rmd#L185   gap_statistic = TRUE, ...
vignettes/pipeline.Rmd#L186   gap_max_k = 10, ...
vignettes/pipeline.Rmd#L187   gap_B = 50,  # More bootstrap samples ...
vignettes/pipeline.Rmd#L188    ...
vignettes/pipeline.Rmd#L189   # Rich visualization ...
vignettes/pipeline.Rmd#L190   create_plots = TRUE, ...
vignettes/pipeline.Rmd#L191   pca_color_by = "mol.biol",  # Color PC ...
vignettes/pipeline.Rmd#L192   heatmap_scale = "row", ...
vignettes/pipeline.Rmd#L193    ...
vignettes/pipeline.Rmd#L194   # Comprehensive enrichment analysis ...
vignettes/pipeline.Rmd#L195   perform_enrichment = TRUE, ...
vignettes/pipeline.Rmd#L196   gene_sets_source = "online", ...
vignettes/pipeline.Rmd#L197   gene_sets_collection = "C2",  # Curate ...
vignettes/pipeline.Rmd#L198   enrichment_p_threshold = 0.05, ...
vignettes/pipeline.Rmd#L199   min_gene_set_size = 10, ...
vignettes/pipeline.Rmd#L200   max_gene_set_size = 200, ...
vignettes/pipeline.Rmd#L201    ...
vignettes/pipeline.Rmd#L202   verbose = TRUE ...
vignettes/pipeline.Rmd#L214   Method = character(), ...
vignettes/pipeline.Rmd#L215   N_Clusters = integer(), ...
vignettes/pipeline.Rmd#L216   Avg_Silhouette = numeric(), ...
vignettes/pipeline.Rmd#L217   WSS = numeric(), ...
vignettes/pipeline.Rmd#L218   stringsAsFactors = FALSE ...
vignettes/pipeline.Rmd#L222   clusters <- advanced_results$clusterin ...
vignettes/pipeline.Rmd#L223    ...
vignettes/pipeline.Rmd#L224   # Handle DBSCAN noise points ...
vignettes/pipeline.Rmd#L225   if (method == "dbscan") { ...
vignettes/pipeline.Rmd#L228   } else { ...
vignettes/pipeline.Rmd#L231   } ...
vignettes/pipeline.Rmd#L232    ...
vignettes/pipeline.Rmd#L233   # Get validation metrics ...
vignettes/pipeline.Rmd#L234   val <- advanced_results$validation_res ...
vignettes/pipeline.Rmd#L235   avg_sil <- if(!is.null(val$avg_silhoue ...
vignettes/pipeline.Rmd#L236   wss <- if(!is.null(val$wss)) round(val ...
vignettes/pipeline.Rmd#L237    ...
vignettes/pipeline.Rmd#L238   comparison_df <- rbind(comparison_df,  ...
vignettes/pipeline.Rmd#L244   )) ...
vignettes/pipeline.Rmd#L259   clusters <- advanced_results$clusterin ...
vignettes/pipeline.Rmd#L260    ...
vignettes/pipeline.Rmd#L261   message("\n", stringr::str_to_title(me ...
vignettes/pipeline.Rmd#L262   message("Length check - mol_biol: ", l ...
vignettes/pipeline.Rmd#L263    ...
vignettes/pipeline.Rmd#L264   # Ensure both vectors have the same le ...
vignettes/pipeline.Rmd#L265   if (length(mol_biol) != length(cluster ...
vignettes/pipeline.Rmd#L270       # Get the sample names or indices  ...
vignettes/pipeline.Rmd#L271       if (!is.null(names(clusters))) { ...
vignettes/pipeline.Rmd#L275       } else { ...
vignettes/pipeline.Rmd#L278       } ...
vignettes/pipeline.Rmd#L280       # Option 2: If mol_biol is shorter ...
vignettes/pipeline.Rmd#L281       clusters_aligned <- clusters[1:len ...
vignettes/pipeline.Rmd#L282       mol_biol_aligned <- mol_biol ...
vignettes/pipeline.Rmd#L283       clusters <- clusters_aligned ...
vignettes/pipeline.Rmd#L285   } else { ...
vignettes/pipeline.Rmd#L287   } ...
vignettes/pipeline.Rmd#L288    ...
vignettes/pipeline.Rmd#L289   # Verify alignment ...
vignettes/pipeline.Rmd#L290   if (length(mol_biol_aligned) != length ...
vignettes/pipeline.Rmd#L293   } ...
vignettes/pipeline.Rmd#L294    ...
vignettes/pipeline.Rmd#L295   # Create contingency table ...
vignettes/pipeline.Rmd#L296   if (method == "dbscan") { ...
vignettes/pipeline.Rmd#L300       message("All points classified as  ...
vignettes/pipeline.Rmd#L301       next ...
vignettes/pipeline.Rmd#L304   } else { ...
vignettes/pipeline.Rmd#L306   } ...
vignettes/pipeline.Rmd#L307    ...
vignettes/pipeline.Rmd#L308   print(cont_table) ...
vignettes/pipeline.Rmd#L309    ...
vignettes/pipeline.Rmd#L310   # Calculate adjusted rand index for cl ...
vignettes/pipeline.Rmd#L311   if (requireNamespace("mclust", quietly ...
vignettes/pipeline.Rmd#L313       if (method == "dbscan") { ...
vignettes/pipeline.Rmd#L315       } else { ...
vignettes/pipeline.Rmd#L317       } ...
vignettes/pipeline.Rmd#L318       message("Adjusted Rand Index: ", r ...
vignettes/pipeline.Rmd#L320       message("Could not calculate ARI:  ...
vignettes/pipeline.Rmd#L322   } ...
vignettes/pipeline.Rmd#L333   message("Pathway Enrichment Analysis R ...
vignettes/pipeline.Rmd#L334    ...
vignettes/pipeline.Rmd#L335   for (method in names(advanced_results$ ...
vignettes/pipeline.Rmd#L339       message("\n", stringr::str_to_titl ...
vignettes/pipeline.Rmd#L340        ...
vignettes/pipeline.Rmd#L341       # Show top 5 pathways per cluster ...
vignettes/pipeline.Rmd#L342       top_pathways <- enrich$summary %>% ...
vignettes/pipeline.Rmd#L346        ...
vignettes/pipeline.Rmd#L347       print(kable(top_pathways, digits = ...
vignettes/pipeline.Rmd#L349       message("\n", stringr::str_to_titl ...
vignettes/pipeline.Rmd#L351   } ...
vignettes/pipeline.Rmd#L366   print(advanced_results$plots$pca) ...
vignettes/pipeline.Rmd#L371   print(advanced_results$plots$elbow) ...
vignettes/usage.Rmd#L12   collapse = TRUE, ...
vignettes/usage.Rmd#L13   comment = "#>", ...
vignettes/usage.Rmd#L14   fig.width = 8, ...
vignettes/usage.Rmd#L15   fig.height = 6, ...
vignettes/usage.Rmd#L16   warning = FALSE, ...
vignettes/usage.Rmd#L17   message = FALSE ...
vignettes/usage.Rmd#L63                       nrow = n_genes, nc ...
vignettes/usage.Rmd#L74   expr_matrix[i, ] <- expr_matrix[i, ] + ...
vignettes/usage.Rmd#L83   condition = factor(rep(c("Control", "T ...
vignettes/usage.Rmd#L84   time_point = factor(rep(c("T1", "T2",  ...
vignettes/usage.Rmd#L85   batch = factor(rep(c("Batch1", "Batch2 ...
vignettes/usage.Rmd#L86   row.names = colnames(expr_matrix) ...
vignettes/usage.Rmd#L91   assayData = expr_matrix, ...
vignettes/usage.Rmd#L92   phenoData = AnnotatedDataFrame(sample_ ...
vignettes/usage.Rmd#L119   eset, ...
vignettes/usage.Rmd#L120   method = "zscore", ...
vignettes/usage.Rmd#L121   filter = TRUE, ...
vignettes/usage.Rmd#L122   filter_threshold = 1, ...
vignettes/usage.Rmd#L123   filter_min_samples = 3 ...
vignettes/usage.Rmd#L141   eset_norm, ...
vignettes/usage.Rmd#L142   method = "zscore", ...
vignettes/usage.Rmd#L143   batch = "batch"  # Column name in phen ...
vignettes/usage.Rmd#L154                      main = "PCA: Sample ...
vignettes/usage.Rmd#L163   eset_norm, ...
vignettes/usage.Rmd#L164   method = "mad", ...
vignettes/usage.Rmd#L165   threshold = 3, ...
vignettes/usage.Rmd#L166   plot = TRUE, ...
vignettes/usage.Rmd#L167   remove = TRUE ...
vignettes/usage.Rmd#L189      xlab = "Number of Clusters", ylab = ...
vignettes/usage.Rmd#L190      main = "Gap Statistic for Optimal k ...
vignettes/usage.Rmd#L198   eset_clean, ...
vignettes/usage.Rmd#L199   method = "hierarchical", ...
vignettes/usage.Rmd#L200   k = 5, ...
vignettes/usage.Rmd#L201   target = "gene", ...
vignettes/usage.Rmd#L202   hclust_method = "ward.D2", ...
vignettes/usage.Rmd#L203   distance = "euclidean" ...
vignettes/usage.Rmd#L219   eset_clean, ...
vignettes/usage.Rmd#L220   method = "kmeans", ...
vignettes/usage.Rmd#L221   k = 5, ...
vignettes/usage.Rmd#L222   target = "gene", ...
vignettes/usage.Rmd#L223   nstart = 25 ...
vignettes/usage.Rmd#L231   Hierarchical = hc_result$clusters, ...
vignettes/usage.Rmd#L232   KMeans = kmeans_result$clusters ...
vignettes/usage.Rmd#L265   eset_clean, ...
vignettes/usage.Rmd#L266   clusters = hc_result$clusters, ...
vignettes/usage.Rmd#L267   show_row_names = FALSE, ...
vignettes/usage.Rmd#L268   scale = "row", ...
vignettes/usage.Rmd#L269   main = "Gene Expression Heatmap with C ...
vignettes/usage.Rmd#L280   eset_clean, ...
vignettes/usage.Rmd#L281   clusters = hc_result$clusters, ...
vignettes/usage.Rmd#L282   scale = TRUE ...
vignettes/usage.Rmd#L292   cluster_genes <- names(hc_result$clust ...
vignettes/usage.Rmd#L293    ...
vignettes/usage.Rmd#L294   if(length(cluster_genes) > 50) { ...
vignettes/usage.Rmd#L296   } ...
vignettes/usage.Rmd#L297    ...
vignettes/usage.Rmd#L298   cluster_eset <- eset_clean[cluster_gen ...
vignettes/usage.Rmd#L299    ...
vignettes/usage.Rmd#L300   heatmap_cluster <- plot_heatmap( ...
vignettes/usage.Rmd#L305   ) ...
vignettes/usage.Rmd#L306    ...
vignettes/usage.Rmd#L307   print(heatmap_cluster) ...
vignettes/usage.Rmd#L325   gene_universe = gene_universe, ...
vignettes/usage.Rmd#L326   n_pathways = 100, ...
vignettes/usage.Rmd#L327   pathway_size = 25 ...
vignettes/usage.Rmd#L339   clusters = hc_result$clusters, ...
vignettes/usage.Rmd#L340   gene_sets = example_gene_sets, ...
vignettes/usage.Rmd#L341   universe = gene_universe, ...
vignettes/usage.Rmd#L342   min_set_size = 5, ...
vignettes/usage.Rmd#L343   max_set_size = 200, ...
vignettes/usage.Rmd#L344   p_threshold = 0.05 ...
vignettes/usage.Rmd#L350   n_pathways <- nrow(ora_results[[cluste ...
vignettes/usage.Rmd#L351   n_significant <- sum(ora_results[[clus ...
vignettes/usage.Rmd#L352   message(cluster_name, "- Pathways test ...
vignettes/usage.Rmd#L353       ", Significant:", n_significant) ...
vignettes/usage.Rmd#L362   ora_results, ...
vignettes/usage.Rmd#L363   top_n = 5, ...
vignettes/usage.Rmd#L364   p_threshold = 0.05, ...
vignettes/usage.Rmd#L365   min_enrichment_ratio = 1.5 ...
vignettes/usage.Rmd#L370   print(head(enrichment_summary, 15)) ...
vignettes/usage.Rmd#L372   message("No significant enrichments fo ...
vignettes/usage.Rmd#L381   cluster1_results <- get_cluster_result ...
vignettes/usage.Rmd#L386   ) ...
vignettes/usage.Rmd#L387    ...
vignettes/usage.Rmd#L388   if(nrow(cluster1_results) > 0) { ...
vignettes/usage.Rmd#L391                                    "gene ...
vignettes/usage.Rmd#L392   } ...
vignettes/usage.Rmd#L405   kmeans_k <- cluster_expression(eset_cl ...
vignettes/usage.Rmd#L406   stability_results[[paste0("k", k)]] <- ...
vignettes/usage.Rmd#L412   for(j in (i+1):length(stability_result ...
vignettes/usage.Rmd#L415   } ...
vignettes/usage.Rmd#L426   cluster_genes <- names(hc_result$clust ...
vignettes/usage.Rmd#L427    ...
vignettes/usage.Rmd#L428   # Calculate average expression for gen ...
vignettes/usage.Rmd#L429   cluster_expr <- exprs(eset_clean)[clus ...
vignettes/usage.Rmd#L430   gene_means <- rowMeans(cluster_expr) ...
vignettes/usage.Rmd#L431    ...
vignettes/usage.Rmd#L432   # Get top expressed genes in this clus ...
vignettes/usage.Rmd#L433   top_genes <- names(sort(gene_means, de ...
vignettes/usage.Rmd#L434   cluster_representatives[[paste0("Clust ...
vignettes/usage.Rmd#L439   message(cluster_name, " representative ...
vignettes/usage.Rmd#L440   message(paste(cluster_representatives[ ...
vignettes/usage.Rmd#L449   Gene = names(hc_result$clusters), ...
vignettes/usage.Rmd#L450   Cluster = hc_result$clusters ...
vignettes/usage.Rmd#L455   write.csv(enrichment_summary, "pathway ...
vignettes/usage.Rmd#L460   cluster_genes <- names(hc_result$clust ...
vignettes/usage.Rmd#L461   cluster_data <- exprs(eset_clean)[clus ...
vignettes/usage.Rmd#L462    ...
vignettes/usage.Rmd#L463   write.csv(cluster_data, paste0("cluste ...
Checking if package already exists in CRAN... OK
Checking for bioc-devel mailing list subscription...
Cannot determine whether maintainer is subscribed to the Bioc-Devel mailing list (requires admin credentials). Subscribe here: https://stat.ethz.ch/mailman/listinfo/bioc-devel
Checking for support site registration... OK
